<html>
<body>
<pre>
<h1>µVision Build Log</h1>
<h2>Tool Versions:</h2>
IDE-Version: µVision V5.28.0.0
Copyright (C) 2019 ARM Ltd and ARM Germany GmbH. All rights reserved.
License Information: Gabriel Wang, ARM, LIC=DSNMN-HC3UK-7DYQY-GE3XM-62JWP-CELZ6
 
Tool Versions:
Toolchain:       MDK-ARM Professional  Version: 5.28.0.0
Toolchain Path:  C:\Program Files\ARMCompiler6.13DevdropforArmv8.1-MandMVE\Bin
C Compiler:      Armcc.exe
Assembler:       Armasm.exe V6.13.0.1 (dev drop 1) for Armv8.1-M and MVE
Linker/Locator:  ArmLink.exe
Library Manager: ArmAr.exe V6.13.0.1 (dev drop 1) for Armv8.1-M and MVE
Hex Converter:   FromElf.exe
CPU DLL:         SARMCM3.DLL V5.28.0.0
Dialog DLL:      DCM.DLL V1.17.3.0
Target DLL:      DbgFM.DLL V1.15.44.0
Dialog DLL:      TCM.DLL V1.36.2.0
 
<h2>Project:</h2>
C:\Work\SVN\projects\MCU\vsf_master\vsf_dev\source\vsf\utilities\3rd-party\PLOOC\example\project\mdk\plooc_example.uvprojx
Project File Date:  08/16/2019

<h2>Output:</h2>
*** Using Compiler 'V6.13.0.1 (dev drop 1) for Armv8.1-M and MVE', folder: 'C:\Program Files\ARMCompiler6.13DevdropforArmv8.1-MandMVE\Bin'
Build target 'arm_compiler_6_example'
compiling platform.c...
compiling system_CMSDK_CM3.c...
compiling byte_queue.c...
compiling enhanced_byte_queue.c...
linking...
Program Size: Code=1144 RO-data=324 RW-data=4 ZI-data=1308  
".\Objects\plooc_example.axf" - 0 Error(s), 0 Warning(s).

<h2>Software Packages used:</h2>

Package Vendor: ARM
                http://www.keil.com/pack/ARM.CMSIS.5.6.0.pack
                ARM.CMSIS.5.6.0
                CMSIS (Cortex Microcontroller Software Interface Standard)
   * Component: CORE Version: 5.3.0

Package Vendor: Keil
                http://www.keil.com/pack/Keil.V2M-MPS2_CMx_BSP.1.7.0.pack
                Keil.V2M-MPS2_CMx_BSP.1.7.0
                ARM V2M-MPS2 Board Support PACK for Cortex-M System Design Kit Devices
   * Component: Startup Version: 1.0.0

<h2>Collection of Component include folders:</h2>
  .\RTE\Device\CMSDK_CM3
  .\RTE\_arm_compiler_6_example
  C:\Keil_v5\ARM\PACK\ARM\CMSIS\5.6.0\CMSIS\Core\Include
  C:\Keil_v5\ARM\PACK\Keil\V2M-MPS2_CMx_BSP\1.7.0\Device\CMSDK_CM3\Include

<h2>Collection of Component Files used:</h2>

   * Component: ARM::CMSIS:CORE:5.3.0

   * Component: Keil::Device:Startup:1.0.0
      Include file:  CMSIS\Config\RTE_Device.h
      Source file:   Device\CMSDK_CM3\Source\ARM\startup_CMSDK_CM3.s
      Source file:   Device\CMSDK_CM3\Source\system_CMSDK_CM3.c
Build Time Elapsed:  00:00:01
</pre>
</body>
</html>
